   Building wonderland-ai @ file:///home/jaryk/wonderland-ai
      Built wonderland-ai @ file:///home/jaryk/wonderland-ai
Uninstalled 1 package in 0.40ms
Installed 1 package in 0.81ms
Skeleton:     fullstack-fastapi-react → /tmp/wonderland-tdd-serial-pomodoro-v1

==============================================================================
Running workflow 'tdd-serial' live
==============================================================================
Project root: /tmp/wonderland-tdd-serial-pomodoro-v1
Directive:    Build a Pomodoro timer app: focus sessions, configurable breaks, daily review, persistent settings.
Runner:       budget=$5.00 cap, timeout=off (turn-based, no wall-clock cap), quiescence_fallback=300s

──────────────────────────────────────────────────────────────────────────────
  M1 (The Caucus Race) START · scoping · roster=['alice', 'cheshire_cat', 'queen_of_hearts'] · seeds=0
  goal: produce user stories + an architectural ADR + GDPR rulings
──────────────────────────────────────────────────────────────────────────────
  [t=  0.00s] dodo               directive      →caucus **M1 — The Caucus Race.**
  [t=  4.47s] cheshire_cat       question       →caucus Before we settle on architecture, I need to understand the shape of this problem better. A few thing…
  [t= 20.24s] alice              story          →caucus (no body)
                             ↳ story: Focus Session Timer
                             ↳ story: Break Timer Between Sessions
                             ↳ story: Daily Session Review
                             ↳ story: Persistent Settings
                             ↳ story: Streak or Gamification (Optional)
  [t= 20.24s] <thread_monitor> running → quiescent
  [t= 20.24s] dodo               acknowledgment →caucus Thread scoping → complete. The team has gone quiet with no open expectations; the directive is settl…
  [t= 20.25s] <thread_monitor> running → complete
  [t= 20.25s] <complete>

  M1 (The Caucus Race) END · COMPLETE · 20.2s · 2 calls · $0.0320
  artifacts: story×5

──────────────────────────────────────────────────────────────────────────────
  M2 (The Rabbit's Errand) START · decomposition · roster=['alice', 'cheshire_cat', 'white_rabbit'] · seeds=1
  goal: decompose the ADR + stories into v1 tickets, with the user-facing point preserved
──────────────────────────────────────────────────────────────────────────────
  [t= 20.25s] alice              story          →caucus (no body)
                             ↳ story: Focus Session Timer
                             ↳ story: Break Timer Between Sessions
                             ↳ story: Daily Session Review
                             ↳ story: Persistent Settings
                             ↳ story: Streak or Gamification (Optional)
  [t= 20.25s] dodo               directive      →caucus **M2 — The Rabbit's Errand.**
[late-publish] queen_of_hearts → thread 'scoping' (already COMPLETE) — suppressing question: 'Before I assess these stories for security and compliance implications, I need clarity on three points:'
[late-publish] cheshire_cat → thread 'scoping' (already COMPLETE) — suppressing proposal: 'Five user stories have accumulated on this thread without an architectural anchor. They imply a non-trivial seam that ne'
  [t= 53.08s] white_rabbit       ticket         →caucus Reading the five stories locked in context. Decomposing to v1 scope. Blocking dependencies in front,…
                             ↳ ticket: Core timer state machine: start/pause/stop with elapsed tracking
                             ↳ ticket: Session length configuration: accept target duration on session creation
                             ↳ ticket: Break timer state machine: countdown from break duration
                             ↳ ticket: Session persistence: read/write focus and break sessions to disk
                             ↳ ticket: Daily session log: aggregate completed sessions into a daily record
                             ↳ ticket: Focus session frontend: timer display, start/pause/stop buttons
                             ↳ ticket: Session input: target duration and session label (optional)
                             ↳ ticket: Break timer frontend: countdown display, start/pause/stop, completion prompt
                             ↳ ticket: Daily review screen: sessions completed, focus time, break time
                             ↳ ticket: Settings UI: auto-start break, break duration default, theme (optional)
                             ↳ ticket: Settings backend: persist app configuration (auto-start, durations, theme)
                             ↳ ticket: Session completion: save session and prompt for break or new session
  [t= 53.97s] <thread_monitor> running → quiescent
  [t= 53.97s] dodo               acknowledgment →caucus Thread decomposition → complete. The team has gone quiet with no open expectations; the directive is…
  [t= 53.97s] <thread_monitor> running → complete
  [t= 53.97s] <complete>

  M2 (The Rabbit's Errand) END · COMPLETE · 33.7s · 8 calls · $0.0667
  artifacts: story×5, ticket×12

──────────────────────────────────────────────────────────────────────────────
  M2.5 (Advice from a Caterpillar) START · composition · roster=['alice', 'caterpillar', 'white_rabbit'] · seeds=2
  goal: group v1 tickets into user-facing features that span the stack coherently
──────────────────────────────────────────────────────────────────────────────
  [t= 53.97s] alice              story          →caucus (no body)
                             ↳ story: Focus Session Timer
                             ↳ story: Break Timer Between Sessions
                             ↳ story: Daily Session Review
                             ↳ story: Persistent Settings
                             ↳ story: Streak or Gamification (Optional)
  [t= 53.97s] white_rabbit       ticket         →caucus Reading the five stories locked in context. Decomposing to v1 scope. Blocking dependencies in front,…
                             ↳ ticket: Core timer state machine: start/pause/stop with elapsed tracking
                             ↳ ticket: Session length configuration: accept target duration on session creation
                             ↳ ticket: Break timer state machine: countdown from break duration
                             ↳ ticket: Session persistence: read/write focus and break sessions to disk
                             ↳ ticket: Daily session log: aggregate completed sessions into a daily record
                             ↳ ticket: Focus session frontend: timer display, start/pause/stop buttons
                             ↳ ticket: Session input: target duration and session label (optional)
                             ↳ ticket: Break timer frontend: countdown display, start/pause/stop, completion prompt
                             ↳ ticket: Daily review screen: sessions completed, focus time, break time
                             ↳ ticket: Settings UI: auto-start break, break duration default, theme (optional)
                             ↳ ticket: Settings backend: persist app configuration (auto-start, durations, theme)
                             ↳ ticket: Session completion: save session and prompt for break or new session
  [t= 53.97s] dodo               directive      →caucus **M2.5 — Advice from a Caterpillar.**
  [t= 58.83s] white_rabbit       feature        →caucus Five stories, five core capabilities. Each story is a coherent user-facing thing; each becomes a fea…
                             ↳ feature: Focus Session Timer
                             ↳ feature: Break Timer Between Sessions
                             ↳ feature: Daily Session Review
                             ↳ feature: Persistent Settings
                             ↳ feature: Streak or Gamification (Optional)
  [t= 62.97s] <thread_monitor> running → quiescent
  [t= 62.97s] dodo               acknowledgment →caucus Thread composition → complete. The team has gone quiet with no open expectations; the directive is s…
  [t= 62.97s] <thread_monitor> running → complete
  [t= 62.97s] <complete>

  M2.5 (Advice from a Caterpillar) END · COMPLETE · 9.0s · 4 calls · $0.0245
  artifacts: feature×5, story×5, ticket×12

──────────────────────────────────────────────────────────────────────────────
  M3 (Tweedledum and Tweedledee) START · contract-negotiation · roster=['tweedledee', 'tweedledum'] · seeds=1
  goal: negotiate contracts the Tweedles will implement against
──────────────────────────────────────────────────────────────────────────────
  [t= 62.97s] white_rabbit       feature        →caucus Five stories, five core capabilities. Each story is a coherent user-facing thing; each becomes a fea…
                             ↳ feature: Focus Session Timer
                             ↳ feature: Break Timer Between Sessions
                             ↳ feature: Daily Session Review
                             ↳ feature: Persistent Settings
                             ↳ feature: Streak or Gamification (Optional)
  [t= 62.97s] dodo               directive      →caucus **M3 — Tweedledum and Tweedledee.**
  [t= 65.71s] tweedledum         question       →caucus Before I draft contract notes, I need to read the features that are locked in context. The Dodo's di…
  [t=181.24s] tweedledee         contract_note  →caucus (no body)
                             ↳ contract_note: Session State and Mutations (Feature 001)
                             ↳ contract_note: Break Session Auto-Start Behavior (Feature 002)
                             ↳ contract_note: Event Log and Daily Review Query (Feature 003)
                             ↳ contract_note: Settings Store (Feature 004)
                             ↳ contract_note: Streak Calculation (Feature 005)
  [t=181.24s] <thread_monitor> running → quiescent
  [t=181.24s] dodo               acknowledgment →caucus Thread contract-negotiation → complete. The team has gone quiet with no open expectations; the direc…
  [t=181.25s] <thread_monitor> running → complete
  [t=181.25s] <complete>

  M3 (Tweedledum and Tweedledee) END · COMPLETE · 118.3s · 14 calls · $0.1408
  artifacts: contract_note×5, feature×5

──────────────────────────────────────────────────────────────────────────────
  M4 (The Mad Tea Party) START · test-scenarios · roster=['alice', 'mad_hatter', 'tweedledee', 'tweedledum'] · seeds=3
  goal: produce failing test scenarios + test files (user journeys + failure modes) for the feature in this iteration
──────────────────────────────────────────────────────────────────────────────
  [t=181.25s] alice              story          →caucus (no body)
                             ↳ story: Focus Session Timer
                             ↳ story: Break Timer Between Sessions
                             ↳ story: Daily Session Review
                             ↳ story: Persistent Settings
                             ↳ story: Streak or Gamification (Optional)
  [t=181.25s] white_rabbit       feature        →caucus Five stories, five core capabilities. Each story is a coherent user-facing thing; each becomes a fea…
                             ↳ feature: Focus Session Timer
  [t=181.25s] tweedledee         contract_note  →caucus (no body)
                             ↳ contract_note: Session State and Mutations (Feature 001)
                             ↳ contract_note: Break Session Auto-Start Behavior (Feature 002)
                             ↳ contract_note: Event Log and Daily Review Query (Feature 003)
                             ↳ contract_note: Settings Store (Feature 004)
                             ↳ contract_note: Streak Calculation (Feature 005)
  [t=181.25s] dodo               directive      →caucus **M4 — The Mad Tea Party** (iteration 1/5: Focus Session Timer)
[late-publish] tweedledee → thread 'contract-negotiation' (already COMPLETE) — suppressing question: 'Features live in `.wonderland/features/` (feature-001 through feature-005) with stack_span and acceptance criteria. Stor'
[late-publish] tweedledum → thread 'contract-negotiation' (already COMPLETE) — suppressing contract_note: 'Responding to all five proposed contracts. Backend impacts and questions for each seam below. Most are local-only for v1'
  [t=264.86s] tweedledee         concern        →caucus Acknowledged — I'm here and ready to ask clarifying questions on scenarios. One blocker: contract-no…
  [t=335.29s] mad_hatter         test_scenario  →caucus Focus Session Timer (Feature 001) — test surface pinned.
                             ↳ test_scenario: Marcus starts a 25-minute focus session and sees countdown tick correctly
                             ↳ test_scenario: Timer completion triggers audio alert + visual alert in order
                             ↳ test_scenario: Marcus pauses at 12:30 remaining, then resumes from same point
                             ↳ test_scenario: Marcus skips the session early (at 5:00 remaining), and no alert fires
                             ↳ test_scenario: Browser tab loses focus mid-timer; Marcus switches back and timer has advanced
                             ↳ test_scenario: Browser denies audio permission; timer completes anyway
                             ↳ test_scenario: Marcus pauses, closes tab, reopens app: paused session is NOT auto-resumed
                             ↳ test_scenario: User sets timer to 1 second duration (boundary condition)
  [t=338.65s] mad_hatter         concern        →caucus Tweedledee flags the contract blocker—contract-note-001 (backend session state) is still proposed an…
  [t=348.91s] alice              story          →caucus Hatter's test surface is solid. I'm adding two user-journey scenarios that weren't covered — both co…
                             ↳ story: Maya starts a focus session mid-morning and uses pause-resume across a distraction
                             ↳ story: Derek uses focus sessions to build a morning coding routine; tracks daily consistency

  M4 (The Mad Tea Party) END · MEETING_BUDGET · 167.7s · 57 calls · $0.5045
  artifacts: contract_note×5, feature×1, story×7, test_scenario×8

──────────────────────────────────────────────────────────────────────────────
  M4 (The Mad Tea Party) START · test-scenarios · roster=['alice', 'mad_hatter', 'tweedledee', 'tweedledum'] · seeds=3
  goal: produce failing test scenarios + test files (user journeys + failure modes) for the feature in this iteration
──────────────────────────────────────────────────────────────────────────────
  [t=348.91s] <thread_monitor> running → complete
  [t=348.91s] <complete>
  [t=348.91s] alice              story          →caucus (no body)
                             ↳ story: Focus Session Timer
                             ↳ story: Break Timer Between Sessions
                             ↳ story: Daily Session Review
                             ↳ story: Persistent Settings
                             ↳ story: Streak or Gamification (Optional)
  [t=348.91s] white_rabbit       feature        →caucus Five stories, five core capabilities. Each story is a coherent user-facing thing; each becomes a fea…
                             ↳ feature: Break Timer Between Sessions
  [t=348.91s] tweedledee         contract_note  →caucus (no body)
                             ↳ contract_note: Session State and Mutations (Feature 001)
                             ↳ contract_note: Break Session Auto-Start Behavior (Feature 002)
                             ↳ contract_note: Event Log and Daily Review Query (Feature 003)
                             ↳ contract_note: Settings Store (Feature 004)
                             ↳ contract_note: Streak Calculation (Feature 005)
  [t=348.91s] dodo               directive      →caucus **M4 — The Mad Tea Party** (iteration 2/5: Break Timer Between Sessions)
[late-publish] tweedledum → thread 'test-scenarios-focus-session-timer' (already COMPLETE) — suppressing implementation: 'M4 test surface for Focus Session Timer (Feature 001) pinned.'
[late-publish] mad_hatter → thread 'test-scenarios-focus-session-timer' (already COMPLETE) — suppressing question: "Tweedledee, Tweedledum — Derek's story (Feature 007) surfaces a contract risk between Feature 001 and Feature 003. The t"
[late-publish] tweedledee → thread 'test-scenarios-focus-session-timer' (already COMPLETE) — suppressing implementation: "Updated contract-note-001 with backend API surface inferred from the Hatter's test files. The original proposal suggeste"
[late-publish] tweedledum → thread 'test-scenarios-focus-session-timer' (already COMPLETE) — suppressing implementation: "Responding to contract-note-001. Filled in backend_impact with specifics derived from Hatter's test scenarios — server-s"
[late-publish] tweedledee → thread 'test-scenarios-focus-session-timer' (already COMPLETE) — suppressing question: "Excellent scenarios from Alice. Maya's story (006) is cleanly within Feature 001 scope — pause/resume across distraction"
  [t=443.71s] tweedledee         question       →caucus I'm entering this as Tweedledee. I have context on one feature: 'Break Timer Between Sessions' from …
[late-publish] tweedledum → thread 'test-scenarios-focus-session-timer' (already COMPLETE) — suppressing contract_note: 'Contract Note 001 backend impact reviewed. The specification aligns with the test surface: wall-clock elapsed tracking, '
[late-publish] tweedledum → thread 'test-scenarios-focus-session-timer' (already COMPLETE) — suppressing question: 'Alice and Hatter — before I fill in backend impact on the contract notes, I need clarification on two adjacent surfaces '
  [t=505.53s] mad_hatter         test_scenario  →caucus Break Timer Between Sessions (feature 002) — the tea party. Scoped to one feature: Priya's break tim…
                             ↳ test_scenario: Break timer auto-starts when focus session completes
                             ↳ test_scenario: Break timer skip is explicit, not accidental (UI intent boundary)
                             ↳ test_scenario: Completed break timer does not auto-start next focus session
                             ↳ test_scenario: Break duration defaults to 5 minutes, configurable per session
                             ↳ test_scenario: Break session state shape matches focus session shape (type='break')
                             ↳ test_scenario: Skip a break and immediately start new focus — no ghost session
                             ↳ test_scenario: Break timer pause and resume work identically to focus timer
                             ↳ test_scenario: Break completion event is logged for daily review (feature 003 integration)
                             ↳ test_scenario: Rapid focus-complete-break-skip-focus sequence doesn't corrupt state

  M4 (The Mad Tea Party) END · MEETING_BUDGET · 156.6s · 51 calls · $0.5255
  artifacts: contract_note×5, feature×1, story×5, test_scenario×9

──────────────────────────────────────────────────────────────────────────────
  M4 (The Mad Tea Party) START · test-scenarios · roster=['alice', 'mad_hatter', 'tweedledee', 'tweedledum'] · seeds=3
  goal: produce failing test scenarios + test files (user journeys + failure modes) for the feature in this iteration
──────────────────────────────────────────────────────────────────────────────
  [t=505.53s] <thread_monitor> running → complete
  [t=505.53s] <complete>
  [t=505.53s] alice              story          →caucus (no body)
                             ↳ story: Focus Session Timer
                             ↳ story: Break Timer Between Sessions
                             ↳ story: Daily Session Review
                             ↳ story: Persistent Settings
                             ↳ story: Streak or Gamification (Optional)
  [t=505.53s] white_rabbit       feature        →caucus Five stories, five core capabilities. Each story is a coherent user-facing thing; each becomes a fea…
                             ↳ feature: Daily Session Review
  [t=505.53s] tweedledee         contract_note  →caucus (no body)
                             ↳ contract_note: Session State and Mutations (Feature 001)
                             ↳ contract_note: Break Session Auto-Start Behavior (Feature 002)
                             ↳ contract_note: Event Log and Daily Review Query (Feature 003)
                             ↳ contract_note: Settings Store (Feature 004)
                             ↳ contract_note: Streak Calculation (Feature 005)
  [t=505.53s] dodo               directive      →caucus **M4 — The Mad Tea Party** (iteration 3/5: Daily Session Review)
[late-publish] tweedledee → thread 'test-scenarios-break-timer-between-sessions' (already COMPLETE) — suppressing question: "I've read the feature context, Alice's story, the Hatter's test scenarios, and the contract notes. Before we surface the"
[late-publish] tweedledum → thread 'test-scenarios-break-timer-between-sessions' (already COMPLETE) — suppressing question: "I've read the test files for Feature 002 (Break Timer). The tests are well-written and reveal the expected behavior clea"
[late-publish] tweedledum → thread 'test-scenarios-break-timer-between-sessions' (already COMPLETE) — suppressing question: "I've read the story, feature scope, Hatter's 9 test scenarios, and the two test files. I understand what we're building:"
[mad_hatter] parse error on attempt 1, retrying: HatterResponseParseError: no JSON block found in HatterResponse response (len=0 chars, preview: '<empty string>')
[mad_hatter] parse retry succeeded on attempt 2
[late-publish] tweedledum → thread 'test-scenarios-break-timer-between-sessions' (already COMPLETE) — suppressing question: "Reading the Hatter's test surface for feature 002, I see several contract gaps that I need clarity on before I can imple"
  [t=805.87s] <thread_monitor> running → quiescent

  M4 (The Mad Tea Party) END · MEETING_BUDGET · 300.3s · 84 calls · $0.7239
  artifacts: contract_note×5, feature×1, story×5

──────────────────────────────────────────────────────────────────────────────
  M4 (The Mad Tea Party) START · test-scenarios · roster=['alice', 'mad_hatter', 'tweedledee', 'tweedledum'] · seeds=3
  goal: produce failing test scenarios + test files (user journeys + failure modes) for the feature in this iteration
──────────────────────────────────────────────────────────────────────────────
  [t=805.87s] dodo               acknowledgment →caucus Thread test-scenarios-daily-session-review → complete. The team has gone quiet with no open expectat…
  [t=805.87s] alice              story          →caucus (no body)
                             ↳ story: Focus Session Timer
                             ↳ story: Break Timer Between Sessions
                             ↳ story: Daily Session Review
                             ↳ story: Persistent Settings
                             ↳ story: Streak or Gamification (Optional)
  [t=805.87s] white_rabbit       feature        →caucus Five stories, five core capabilities. Each story is a coherent user-facing thing; each becomes a fea…
                             ↳ feature: Persistent Settings
  [t=805.87s] tweedledee         contract_note  →caucus (no body)
                             ↳ contract_note: Session State and Mutations (Feature 001)
                             ↳ contract_note: Break Session Auto-Start Behavior (Feature 002)
                             ↳ contract_note: Event Log and Daily Review Query (Feature 003)
                             ↳ contract_note: Settings Store (Feature 004)
                             ↳ contract_note: Streak Calculation (Feature 005)
  [t=805.87s] dodo               directive      →caucus **M4 — The Mad Tea Party** (iteration 4/5: Persistent Settings)
  [t=805.87s] <thread_monitor> quiescent → complete
  [t=805.87s] <complete>
[tweedledum] parse error on attempt 1, retrying: TweedleResponseParseError: no JSON block found in TweedleResponse response (len=0 chars, preview: '<empty string>')
[tweedledum] parse retry succeeded on attempt 2
[late-publish] tweedledum → thread 'test-scenarios-daily-session-review' (already COMPLETE) — suppressing implementation: '[bus record coerced to implementation: write_file calls landed for tests/test_daily_review_fragility.py, .wonderland/tes'
  [t=859.16s] tweedledum         concern        →caucus Feature 004 (Persistent Settings) has an explicit contract from Tweedledee and Tweedledum: settings …
  [t=902.91s] mad_hatter         test_scenario  →caucus Persistent Settings (Feature 004) test surface pinned.
                             ↳ test_scenario: Yuki sets custom durations and they survive app close/reopen
                             ↳ test_scenario: Default durations appear on first run; sensible not pinned
                             ↳ test_scenario: Changing a setting takes effect immediately in the current session
                             ↳ test_scenario: Audio volume is clamped to 0-100 range
                             ↳ test_scenario: Theme can be set to 'light' or 'dark'; invalid values are rejected or normalized
                             ↳ test_scenario: audio_enabled flag is boolean; non-boolean values are normalized
                             ↳ test_scenario: Durations are integers (milliseconds); fractional or negative values are rejected or normalized
                             ↳ test_scenario: Settings object structure is preserved across serialization (JSON round-trip)
                             ↳ test_scenario: New fields in settings are additive; old localStorage doesn't break on app upgrade
  [t=979.28s] tweedledee         implementation →caucus [bus record coerced to implementation: write_file calls landed for .wonderland/stories/story-004-per…
                             ↳ implementation: Files written in tweedledee's frontend turn
  [t=981.74s] tweedledee         deference      →caucus Noted. Feature 004 (Persistent Settings) v1 is frontend-local-storage-only per contract. Zero backen…
  [t=990.11s] alice              question       →caucus Tweedledee—I'm reading the contract notes and the test files you and Hatter shipped. A few clarifica…

  M4 (The Mad Tea Party) END · MEETING_BUDGET · 184.2s · 65 calls · $0.5938
  artifacts: contract_note×5, feature×1, implementation×1, story×5, test_scenario×9

──────────────────────────────────────────────────────────────────────────────
  M4 (The Mad Tea Party) START · test-scenarios · roster=['alice', 'mad_hatter', 'tweedledee', 'tweedledum'] · seeds=3
  goal: produce failing test scenarios + test files (user journeys + failure modes) for the feature in this iteration
──────────────────────────────────────────────────────────────────────────────
  [t=990.11s] <thread_monitor> running → complete
  [t=990.11s] <complete>
  [t=990.11s] alice              story          →caucus (no body)
                             ↳ story: Focus Session Timer
                             ↳ story: Break Timer Between Sessions
                             ↳ story: Daily Session Review
                             ↳ story: Persistent Settings
                             ↳ story: Streak or Gamification (Optional)
  [t=990.11s] white_rabbit       feature        →caucus Five stories, five core capabilities. Each story is a coherent user-facing thing; each becomes a fea…
                             ↳ feature: Streak or Gamification (Optional)
  [t=990.11s] tweedledee         contract_note  →caucus (no body)
                             ↳ contract_note: Session State and Mutations (Feature 001)
                             ↳ contract_note: Break Session Auto-Start Behavior (Feature 002)
                             ↳ contract_note: Event Log and Daily Review Query (Feature 003)
                             ↳ contract_note: Settings Store (Feature 004)
                             ↳ contract_note: Streak Calculation (Feature 005)
  [t=990.11s] dodo               directive      →caucus **M4 — The Mad Tea Party** (iteration 5/5: Streak or Gamification (Optional))
[late-publish] tweedledee → thread 'test-scenarios-persistent-settings' (already COMPLETE) — suppressing implementation: 'Feature 004 (Persistent Settings) frontend implementation complete. SettingsManager handles client-side localStorage per'
  [t=1169.16s] tweedledum         implementation →caucus Test surface for Feature 005 complete: two test scenarios (005-a: happy path, 005-b: failure modes w…
                             ↳ implementation: Files written in tweedledum's backend turn

  M4 (The Mad Tea Party) END · MEETING_BUDGET · 179.1s · 62 calls · $0.6976
  artifacts: contract_note×5, feature×1, implementation×1, story×5

──────────────────────────────────────────────────────────────────────────────
  M5 START · implementation · roster=['tweedledee', 'tweedledum'] · seeds=5
  goal: implement to make this feature's failing tests pass (red → green for THIS feature)
──────────────────────────────────────────────────────────────────────────────
  [t=1169.16s] <thread_monitor> running → complete
  [t=1169.16s] <complete>
  [t=1169.16s] white_rabbit       feature        →caucus Five stories, five core capabilities. Each story is a coherent user-facing thing; each becomes a fea…
                             ↳ feature: Focus Session Timer
  [t=1169.16s] tweedledee         contract_note  →caucus (no body)
                             ↳ contract_note: Session State and Mutations (Feature 001)
                             ↳ contract_note: Break Session Auto-Start Behavior (Feature 002)
                             ↳ contract_note: Event Log and Daily Review Query (Feature 003)
                             ↳ contract_note: Settings Store (Feature 004)
                             ↳ contract_note: Streak Calculation (Feature 005)
  [t=1169.16s] alice              story          →caucus (no body)
                             ↳ story: Focus Session Timer
                             ↳ story: Break Timer Between Sessions
                             ↳ story: Daily Session Review
                             ↳ story: Persistent Settings
                             ↳ story: Streak or Gamification (Optional)
  [t=1169.16s] mad_hatter         test_scenario  →caucus Focus Session Timer (Feature 001) — test surface pinned.
                             ↳ test_scenario: Marcus starts a 25-minute focus session and sees countdown tick correctly
                             ↳ test_scenario: Timer completion triggers audio alert + visual alert in order
                             ↳ test_scenario: Marcus pauses at 12:30 remaining, then resumes from same point
                             ↳ test_scenario: Marcus skips the session early (at 5:00 remaining), and no alert fires
                             ↳ test_scenario: Browser tab loses focus mid-timer; Marcus switches back and timer has advanced
                             ↳ test_scenario: Browser denies audio permission; timer completes anyway
                             ↳ test_scenario: Marcus pauses, closes tab, reopens app: paused session is NOT auto-resumed
                             ↳ test_scenario: User sets timer to 1 second duration (boundary condition)
  [t=1169.16s] alice              story          →caucus Hatter's test surface is solid. I'm adding two user-journey scenarios that weren't covered — both co…
                             ↳ story: Maya starts a focus session mid-morning and uses pause-resume across a distraction
                             ↳ story: Derek uses focus sessions to build a morning coding routine; tracks daily consistency
  [t=1169.16s] dodo               directive      →caucus **M5** (iteration 1/5: Focus Session Timer)
[late-publish] alice → thread 'test-scenarios-streak-or-gamification-optional' (already COMPLETE) — suppressing concern: 'Tweedledum has surfaced two contract ambiguities that block M5 implementation. Both are real design decisions, not test-'
[tweedledum] parse error on attempt 1, retrying: TweedleResponseParseError: no JSON block found in TweedleResponse response (len=0 chars, preview: '<empty string>')
[late-publish] tweedledee → thread 'test-scenarios-streak-or-gamification-optional' (already COMPLETE) — suppressing implementation: 'M4 complete for Feature 005. Happy-path scenario (005-A: Kenji sees 3 sessions this week) confirmed as sufficient. Fragi'
[tweedledum] parse retry succeeded on attempt 2
  [t=1218.61s] tweedledum         implementation →caucus [bus record coerced to implementation: write_file calls landed for src/backend/models.py, src/backen…
                             ↳ implementation: Files written in tweedledum's backend turn
[late-publish] mad_hatter → thread 'test-scenarios-streak-or-gamification-optional' (already COMPLETE) — suppressing test_scenario: 'Hatter covering Feature 005: Streak or Gamification (Optional). Full-stack feature. Contract ambiguity surfaces two diff'
[late-publish] tweedledee → thread 'test-scenarios-streak-or-gamification-optional' (already COMPLETE) — suppressing implementation: "Tweedledee accepting and crystallizing Tweedledum's two blocking contract ambiguities. Neither is an edge case or 'nice-"
  [t=1395.29s] <thread_monitor> running → quiescent

  M5 END · MEETING_BUDGET · 226.1s · 56 calls · $0.6982
  artifacts: contract_note×5, feature×1, implementation×1, story×7, test_scenario×8

──────────────────────────────────────────────────────────────────────────────
  M5 START · implementation · roster=['tweedledee', 'tweedledum'] · seeds=4
  goal: implement to make this feature's failing tests pass (red → green for THIS feature)
──────────────────────────────────────────────────────────────────────────────
  [t=1395.29s] dodo               acknowledgment →caucus Thread implementation-focus-session-timer → complete. The team has gone quiet with no open expectati…
  [t=1395.29s] white_rabbit       feature        →caucus Five stories, five core capabilities. Each story is a coherent user-facing thing; each becomes a fea…
                             ↳ feature: Break Timer Between Sessions
  [t=1395.29s] tweedledee         contract_note  →caucus (no body)
                             ↳ contract_note: Session State and Mutations (Feature 001)
                             ↳ contract_note: Break Session Auto-Start Behavior (Feature 002)
                             ↳ contract_note: Event Log and Daily Review Query (Feature 003)
                             ↳ contract_note: Settings Store (Feature 004)
                             ↳ contract_note: Streak Calculation (Feature 005)
  [t=1395.29s] alice              story          →caucus (no body)
                             ↳ story: Focus Session Timer
                             ↳ story: Break Timer Between Sessions
                             ↳ story: Daily Session Review
                             ↳ story: Persistent Settings
                             ↳ story: Streak or Gamification (Optional)
  [t=1395.29s] mad_hatter         test_scenario  →caucus Break Timer Between Sessions (feature 002) — the tea party. Scoped to one feature: Priya's break tim…
                             ↳ test_scenario: Break timer auto-starts when focus session completes
                             ↳ test_scenario: Break timer skip is explicit, not accidental (UI intent boundary)
                             ↳ test_scenario: Completed break timer does not auto-start next focus session
                             ↳ test_scenario: Break duration defaults to 5 minutes, configurable per session
                             ↳ test_scenario: Break session state shape matches focus session shape (type='break')
                             ↳ test_scenario: Skip a break and immediately start new focus — no ghost session
                             ↳ test_scenario: Break timer pause and resume work identically to focus timer
                             ↳ test_scenario: Break completion event is logged for daily review (feature 003 integration)
                             ↳ test_scenario: Rapid focus-complete-break-skip-focus sequence doesn't corrupt state
  [t=1395.29s] dodo               directive      →caucus **M5** (iteration 2/5: Break Timer Between Sessions)
  [t=1395.29s] <thread_monitor> quiescent → complete
  [t=1395.29s] <complete>
  [t=1395.73s] <budget> WARNING $4.01 / $5.00
[late-publish] mad_hatter → thread 'test-scenarios-streak-or-gamification-optional' (already COMPLETE) — suppressing concern: 'Feature 005 test surface is comprehensive and correctly scoped. Two contract ambiguities are genuine blockers for M5, no'
